20:08:04 **** Clean-only build of configuration Debug for project lpc_chip_82x ****
make -r clean 
rm -rf  ./src/acmp_8xx.o ./src/adc_8xx.o ./src/chip_8xx.o ./src/clock_8xx.o ./src/crc_8xx.o ./src/dma_8xx.o ./src/gpio_8xx.o ./src/i2c_common_8xx.o ./src/i2cm_8xx.o ./src/i2cs_8xx.o ./src/iap.o ./src/iocon_8xx.o ./src/irc_8xx.o ./src/pinint_8xx.o ./src/pmu_8xx.o ./src/ring_buffer.o ./src/sct_8xx.o ./src/sct_pwm_8xx.o ./src/spi_8xx.o ./src/spim_8xx.o ./src/spis_8xx.o ./src/stopwatch_8xx.o ./src/swm_8xx.o ./src/syscon_8xx.o ./src/sysinit_8xx.o ./src/uart_8xx.o ./src/wkt_8xx.o ./src/wwdt_8xx.o  ./src/acmp_8xx.d ./src/adc_8xx.d ./src/chip_8xx.d ./src/clock_8xx.d ./src/crc_8xx.d ./src/dma_8xx.d ./src/gpio_8xx.d ./src/i2c_common_8xx.d ./src/i2cm_8xx.d ./src/i2cs_8xx.d ./src/iap.d ./src/iocon_8xx.d ./src/irc_8xx.d ./src/pinint_8xx.d ./src/pmu_8xx.d ./src/ring_buffer.d ./src/sct_8xx.d ./src/sct_pwm_8xx.d ./src/spi_8xx.d ./src/spim_8xx.d ./src/spis_8xx.d ./src/stopwatch_8xx.d ./src/swm_8xx.d ./src/syscon_8xx.d ./src/sysinit_8xx.d ./src/uart_8xx.d ./src/wkt_8xx.d ./src/wwdt_8xx.d  liblpc_chip_82x.a
 
20:08:04 **** Clean-only build of configuration Debug for project MultiSensor_bsp ****
make -r clean 
rm -rf  ./src/low_level_drivers/adc.o ./src/low_level_drivers/boardconfig.o ./src/low_level_drivers/gpio.o ./src/low_level_drivers/i2c.o ./src/low_level_drivers/lowleveldrivers.o ./src/low_level_drivers/mrt.o ./src/low_level_drivers/pinmux.o ./src/low_level_drivers/pwm.o ./src/low_level_drivers/systick.o ./src/low_level_drivers/usart.o  ./src/library/utilities.o  ./src/high_level_drivers/BMP280_driver/bmp280.o  ./src/high_level_drivers/address.o ./src/high_level_drivers/buzzer.o ./src/high_level_drivers/gas_mq2.o ./src/high_level_drivers/highleveldrivers.o ./src/high_level_drivers/humidity_dht22.o ./src/high_level_drivers/lum_tsl2561.o ./src/high_level_drivers/microphone.o ./src/high_level_drivers/pir_hcsr501.o ./src/high_level_drivers/pressure_bmp280.o ./src/high_level_drivers/rgbled.o ./src/high_level_drivers/temp_ds18b20.o  ./src/low_level_drivers/adc.d ./src/low_level_drivers/boardconfig.d ./src/low_level_drivers/gpio.d ./src/low_level_drivers/i2c.d ./src/low_level_drivers/lowleveldrivers.d ./src/low_level_drivers/mrt.d ./src/low_level_drivers/pinmux.d ./src/low_level_drivers/pwm.d ./src/low_level_drivers/systick.d ./src/low_level_drivers/usart.d  ./src/library/utilities.d  ./src/high_level_drivers/BMP280_driver/bmp280.d  ./src/high_level_drivers/address.d ./src/high_level_drivers/buzzer.d ./src/high_level_drivers/gas_mq2.d ./src/high_level_drivers/highleveldrivers.d ./src/high_level_drivers/humidity_dht22.d ./src/high_level_drivers/lum_tsl2561.d ./src/high_level_drivers/microphone.d ./src/high_level_drivers/pir_hcsr501.d ./src/high_level_drivers/pressure_bmp280.d ./src/high_level_drivers/rgbled.d ./src/high_level_drivers/temp_ds18b20.d  libMultiSensor_bsp.a
 
20:08:06 **** Build of configuration Debug for project lpc_chip_82x ****
make -r all 
Building file: ../src/acmp_8xx.c
Invoking: MCU C Compiler
arm-none-eabi-gcc -D__REDLIB__ -DDEBUG -D__CODE_RED -D__USE_LPCOPEN -DCORE_M0PLUS -I"G:\GitHub\AE_VVD_MULTI\2_Firmware\1_MultiSensor\lpc_chip_82x\inc" -O0 -g3 -Wall -c -fmessage-length=0 -fno-builtin -ffunction-sections -fdata-sections -mcpu=cortex-m0 -mthumb -specs=redlib.specs -MMD -MP -MF"src/acmp_8xx.d" -MT"src/acmp_8xx.o" -MT"src/acmp_8xx.d" -o "src/acmp_8xx.o" "../src/acmp_8xx.c"
Finished building: ../src/acmp_8xx.c
 
Building file: ../src/adc_8xx.c
Invoking: MCU C Compiler
arm-none-eabi-gcc -D__REDLIB__ -DDEBUG -D__CODE_RED -D__USE_LPCOPEN -DCORE_M0PLUS -I"G:\GitHub\AE_VVD_MULTI\2_Firmware\1_MultiSensor\lpc_chip_82x\inc" -O0 -g3 -Wall -c -fmessage-length=0 -fno-builtin -ffunction-sections -fdata-sections -mcpu=cortex-m0 -mthumb -specs=redlib.specs -MMD -MP -MF"src/adc_8xx.d" -MT"src/adc_8xx.o" -MT"src/adc_8xx.d" -o "src/adc_8xx.o" "../src/adc_8xx.c"
Finished building: ../src/adc_8xx.c
 
Building file: ../src/chip_8xx.c
Invoking: MCU C Compiler
arm-none-eabi-gcc -D__REDLIB__ -DDEBUG -D__CODE_RED -D__USE_LPCOPEN -DCORE_M0PLUS -I"G:\GitHub\AE_VVD_MULTI\2_Firmware\1_MultiSensor\lpc_chip_82x\inc" -O0 -g3 -Wall -c -fmessage-length=0 -fno-builtin -ffunction-sections -fdata-sections -mcpu=cortex-m0 -mthumb -specs=redlib.specs -MMD -MP -MF"src/chip_8xx.d" -MT"src/chip_8xx.o" -MT"src/chip_8xx.d" -o "src/chip_8xx.o" "../src/chip_8xx.c"
Finished building: ../src/chip_8xx.c
 
Building file: ../src/clock_8xx.c
Invoking: MCU C Compiler
arm-none-eabi-gcc -D__REDLIB__ -DDEBUG -D__CODE_RED -D__USE_LPCOPEN -DCORE_M0PLUS -I"G:\GitHub\AE_VVD_MULTI\2_Firmware\1_MultiSensor\lpc_chip_82x\inc" -O0 -g3 -Wall -c -fmessage-length=0 -fno-builtin -ffunction-sections -fdata-sections -mcpu=cortex-m0 -mthumb -specs=redlib.specs -MMD -MP -MF"src/clock_8xx.d" -MT"src/clock_8xx.o" -MT"src/clock_8xx.d" -o "src/clock_8xx.o" "../src/clock_8xx.c"
Finished building: ../src/clock_8xx.c
 
Building file: ../src/crc_8xx.c
Invoking: MCU C Compiler
arm-none-eabi-gcc -D__REDLIB__ -DDEBUG -D__CODE_RED -D__USE_LPCOPEN -DCORE_M0PLUS -I"G:\GitHub\AE_VVD_MULTI\2_Firmware\1_MultiSensor\lpc_chip_82x\inc" -O0 -g3 -Wall -c -fmessage-length=0 -fno-builtin -ffunction-sections -fdata-sections -mcpu=cortex-m0 -mthumb -specs=redlib.specs -MMD -MP -MF"src/crc_8xx.d" -MT"src/crc_8xx.o" -MT"src/crc_8xx.d" -o "src/crc_8xx.o" "../src/crc_8xx.c"
Finished building: ../src/crc_8xx.c
 
Building file: ../src/dma_8xx.c
Invoking: MCU C Compiler
arm-none-eabi-gcc -D__REDLIB__ -DDEBUG -D__CODE_RED -D__USE_LPCOPEN -DCORE_M0PLUS -I"G:\GitHub\AE_VVD_MULTI\2_Firmware\1_MultiSensor\lpc_chip_82x\inc" -O0 -g3 -Wall -c -fmessage-length=0 -fno-builtin -ffunction-sections -fdata-sections -mcpu=cortex-m0 -mthumb -specs=redlib.specs -MMD -MP -MF"src/dma_8xx.d" -MT"src/dma_8xx.o" -MT"src/dma_8xx.d" -o "src/dma_8xx.o" "../src/dma_8xx.c"
Finished building: ../src/dma_8xx.c
 
Building file: ../src/gpio_8xx.c
Invoking: MCU C Compiler
arm-none-eabi-gcc -D__REDLIB__ -DDEBUG -D__CODE_RED -D__USE_LPCOPEN -DCORE_M0PLUS -I"G:\GitHub\AE_VVD_MULTI\2_Firmware\1_MultiSensor\lpc_chip_82x\inc" -O0 -g3 -Wall -c -fmessage-length=0 -fno-builtin -ffunction-sections -fdata-sections -mcpu=cortex-m0 -mthumb -specs=redlib.specs -MMD -MP -MF"src/gpio_8xx.d" -MT"src/gpio_8xx.o" -MT"src/gpio_8xx.d" -o "src/gpio_8xx.o" "../src/gpio_8xx.c"
Finished building: ../src/gpio_8xx.c
 
Building file: ../src/i2c_common_8xx.c
Invoking: MCU C Compiler
arm-none-eabi-gcc -D__REDLIB__ -DDEBUG -D__CODE_RED -D__USE_LPCOPEN -DCORE_M0PLUS -I"G:\GitHub\AE_VVD_MULTI\2_Firmware\1_MultiSensor\lpc_chip_82x\inc" -O0 -g3 -Wall -c -fmessage-length=0 -fno-builtin -ffunction-sections -fdata-sections -mcpu=cortex-m0 -mthumb -specs=redlib.specs -MMD -MP -MF"src/i2c_common_8xx.d" -MT"src/i2c_common_8xx.o" -MT"src/i2c_common_8xx.d" -o "src/i2c_common_8xx.o" "../src/i2c_common_8xx.c"
Finished building: ../src/i2c_common_8xx.c
 
Building file: ../src/i2cm_8xx.c
Invoking: MCU C Compiler
arm-none-eabi-gcc -D__REDLIB__ -DDEBUG -D__CODE_RED -D__USE_LPCOPEN -DCORE_M0PLUS -I"G:\GitHub\AE_VVD_MULTI\2_Firmware\1_MultiSensor\lpc_chip_82x\inc" -O0 -g3 -Wall -c -fmessage-length=0 -fno-builtin -ffunction-sections -fdata-sections -mcpu=cortex-m0 -mthumb -specs=redlib.specs -MMD -MP -MF"src/i2cm_8xx.d" -MT"src/i2cm_8xx.o" -MT"src/i2cm_8xx.d" -o "src/i2cm_8xx.o" "../src/i2cm_8xx.c"
Finished building: ../src/i2cm_8xx.c
 
Building file: ../src/i2cs_8xx.c
Invoking: MCU C Compiler
arm-none-eabi-gcc -D__REDLIB__ -DDEBUG -D__CODE_RED -D__USE_LPCOPEN -DCORE_M0PLUS -I"G:\GitHub\AE_VVD_MULTI\2_Firmware\1_MultiSensor\lpc_chip_82x\inc" -O0 -g3 -Wall -c -fmessage-length=0 -fno-builtin -ffunction-sections -fdata-sections -mcpu=cortex-m0 -mthumb -specs=redlib.specs -MMD -MP -MF"src/i2cs_8xx.d" -MT"src/i2cs_8xx.o" -MT"src/i2cs_8xx.d" -o "src/i2cs_8xx.o" "../src/i2cs_8xx.c"
Finished building: ../src/i2cs_8xx.c
 
Building file: ../src/iap.c
Invoking: MCU C Compiler
arm-none-eabi-gcc -D__REDLIB__ -DDEBUG -D__CODE_RED -D__USE_LPCOPEN -DCORE_M0PLUS -I"G:\GitHub\AE_VVD_MULTI\2_Firmware\1_MultiSensor\lpc_chip_82x\inc" -O0 -g3 -Wall -c -fmessage-length=0 -fno-builtin -ffunction-sections -fdata-sections -mcpu=cortex-m0 -mthumb -specs=redlib.specs -MMD -MP -MF"src/iap.d" -MT"src/iap.o" -MT"src/iap.d" -o "src/iap.o" "../src/iap.c"
Finished building: ../src/iap.c
 
Building file: ../src/iocon_8xx.c
Invoking: MCU C Compiler
arm-none-eabi-gcc -D__REDLIB__ -DDEBUG -D__CODE_RED -D__USE_LPCOPEN -DCORE_M0PLUS -I"G:\GitHub\AE_VVD_MULTI\2_Firmware\1_MultiSensor\lpc_chip_82x\inc" -O0 -g3 -Wall -c -fmessage-length=0 -fno-builtin -ffunction-sections -fdata-sections -mcpu=cortex-m0 -mthumb -specs=redlib.specs -MMD -MP -MF"src/iocon_8xx.d" -MT"src/iocon_8xx.o" -MT"src/iocon_8xx.d" -o "src/iocon_8xx.o" "../src/iocon_8xx.c"
Finished building: ../src/iocon_8xx.c
 
Building file: ../src/irc_8xx.c
Invoking: MCU C Compiler
arm-none-eabi-gcc -D__REDLIB__ -DDEBUG -D__CODE_RED -D__USE_LPCOPEN -DCORE_M0PLUS -I"G:\GitHub\AE_VVD_MULTI\2_Firmware\1_MultiSensor\lpc_chip_82x\inc" -O0 -g3 -Wall -c -fmessage-length=0 -fno-builtin -ffunction-sections -fdata-sections -mcpu=cortex-m0 -mthumb -specs=redlib.specs -MMD -MP -MF"src/irc_8xx.d" -MT"src/irc_8xx.o" -MT"src/irc_8xx.d" -o "src/irc_8xx.o" "../src/irc_8xx.c"
Finished building: ../src/irc_8xx.c
 
Building file: ../src/pinint_8xx.c
Invoking: MCU C Compiler
arm-none-eabi-gcc -D__REDLIB__ -DDEBUG -D__CODE_RED -D__USE_LPCOPEN -DCORE_M0PLUS -I"G:\GitHub\AE_VVD_MULTI\2_Firmware\1_MultiSensor\lpc_chip_82x\inc" -O0 -g3 -Wall -c -fmessage-length=0 -fno-builtin -ffunction-sections -fdata-sections -mcpu=cortex-m0 -mthumb -specs=redlib.specs -MMD -MP -MF"src/pinint_8xx.d" -MT"src/pinint_8xx.o" -MT"src/pinint_8xx.d" -o "src/pinint_8xx.o" "../src/pinint_8xx.c"
Finished building: ../src/pinint_8xx.c
 
Building file: ../src/pmu_8xx.c
Invoking: MCU C Compiler
arm-none-eabi-gcc -D__REDLIB__ -DDEBUG -D__CODE_RED -D__USE_LPCOPEN -DCORE_M0PLUS -I"G:\GitHub\AE_VVD_MULTI\2_Firmware\1_MultiSensor\lpc_chip_82x\inc" -O0 -g3 -Wall -c -fmessage-length=0 -fno-builtin -ffunction-sections -fdata-sections -mcpu=cortex-m0 -mthumb -specs=redlib.specs -MMD -MP -MF"src/pmu_8xx.d" -MT"src/pmu_8xx.o" -MT"src/pmu_8xx.d" -o "src/pmu_8xx.o" "../src/pmu_8xx.c"
Finished building: ../src/pmu_8xx.c
 
Building file: ../src/ring_buffer.c
Invoking: MCU C Compiler
arm-none-eabi-gcc -D__REDLIB__ -DDEBUG -D__CODE_RED -D__USE_LPCOPEN -DCORE_M0PLUS -I"G:\GitHub\AE_VVD_MULTI\2_Firmware\1_MultiSensor\lpc_chip_82x\inc" -O0 -g3 -Wall -c -fmessage-length=0 -fno-builtin -ffunction-sections -fdata-sections -mcpu=cortex-m0 -mthumb -specs=redlib.specs -MMD -MP -MF"src/ring_buffer.d" -MT"src/ring_buffer.o" -MT"src/ring_buffer.d" -o "src/ring_buffer.o" "../src/ring_buffer.c"
Finished building: ../src/ring_buffer.c
 
Building file: ../src/sct_8xx.c
Invoking: MCU C Compiler
arm-none-eabi-gcc -D__REDLIB__ -DDEBUG -D__CODE_RED -D__USE_LPCOPEN -DCORE_M0PLUS -I"G:\GitHub\AE_VVD_MULTI\2_Firmware\1_MultiSensor\lpc_chip_82x\inc" -O0 -g3 -Wall -c -fmessage-length=0 -fno-builtin -ffunction-sections -fdata-sections -mcpu=cortex-m0 -mthumb -specs=redlib.specs -MMD -MP -MF"src/sct_8xx.d" -MT"src/sct_8xx.o" -MT"src/sct_8xx.d" -o "src/sct_8xx.o" "../src/sct_8xx.c"
Finished building: ../src/sct_8xx.c
 
Building file: ../src/sct_pwm_8xx.c
Invoking: MCU C Compiler
arm-none-eabi-gcc -D__REDLIB__ -DDEBUG -D__CODE_RED -D__USE_LPCOPEN -DCORE_M0PLUS -I"G:\GitHub\AE_VVD_MULTI\2_Firmware\1_MultiSensor\lpc_chip_82x\inc" -O0 -g3 -Wall -c -fmessage-length=0 -fno-builtin -ffunction-sections -fdata-sections -mcpu=cortex-m0 -mthumb -specs=redlib.specs -MMD -MP -MF"src/sct_pwm_8xx.d" -MT"src/sct_pwm_8xx.o" -MT"src/sct_pwm_8xx.d" -o "src/sct_pwm_8xx.o" "../src/sct_pwm_8xx.c"
Finished building: ../src/sct_pwm_8xx.c
 
Building file: ../src/spi_8xx.c
Invoking: MCU C Compiler
arm-none-eabi-gcc -D__REDLIB__ -DDEBUG -D__CODE_RED -D__USE_LPCOPEN -DCORE_M0PLUS -I"G:\GitHub\AE_VVD_MULTI\2_Firmware\1_MultiSensor\lpc_chip_82x\inc" -O0 -g3 -Wall -c -fmessage-length=0 -fno-builtin -ffunction-sections -fdata-sections -mcpu=cortex-m0 -mthumb -specs=redlib.specs -MMD -MP -MF"src/spi_8xx.d" -MT"src/spi_8xx.o" -MT"src/spi_8xx.d" -o "src/spi_8xx.o" "../src/spi_8xx.c"
Finished building: ../src/spi_8xx.c
 
Building file: ../src/spim_8xx.c
Invoking: MCU C Compiler
arm-none-eabi-gcc -D__REDLIB__ -DDEBUG -D__CODE_RED -D__USE_LPCOPEN -DCORE_M0PLUS -I"G:\GitHub\AE_VVD_MULTI\2_Firmware\1_MultiSensor\lpc_chip_82x\inc" -O0 -g3 -Wall -c -fmessage-length=0 -fno-builtin -ffunction-sections -fdata-sections -mcpu=cortex-m0 -mthumb -specs=redlib.specs -MMD -MP -MF"src/spim_8xx.d" -MT"src/spim_8xx.o" -MT"src/spim_8xx.d" -o "src/spim_8xx.o" "../src/spim_8xx.c"
Finished building: ../src/spim_8xx.c
 
Building file: ../src/spis_8xx.c
Invoking: MCU C Compiler
arm-none-eabi-gcc -D__REDLIB__ -DDEBUG -D__CODE_RED -D__USE_LPCOPEN -DCORE_M0PLUS -I"G:\GitHub\AE_VVD_MULTI\2_Firmware\1_MultiSensor\lpc_chip_82x\inc" -O0 -g3 -Wall -c -fmessage-length=0 -fno-builtin -ffunction-sections -fdata-sections -mcpu=cortex-m0 -mthumb -specs=redlib.specs -MMD -MP -MF"src/spis_8xx.d" -MT"src/spis_8xx.o" -MT"src/spis_8xx.d" -o "src/spis_8xx.o" "../src/spis_8xx.c"
Finished building: ../src/spis_8xx.c
 
Building file: ../src/stopwatch_8xx.c
Invoking: MCU C Compiler
arm-none-eabi-gcc -D__REDLIB__ -DDEBUG -D__CODE_RED -D__USE_LPCOPEN -DCORE_M0PLUS -I"G:\GitHub\AE_VVD_MULTI\2_Firmware\1_MultiSensor\lpc_chip_82x\inc" -O0 -g3 -Wall -c -fmessage-length=0 -fno-builtin -ffunction-sections -fdata-sections -mcpu=cortex-m0 -mthumb -specs=redlib.specs -MMD -MP -MF"src/stopwatch_8xx.d" -MT"src/stopwatch_8xx.o" -MT"src/stopwatch_8xx.d" -o "src/stopwatch_8xx.o" "../src/stopwatch_8xx.c"
Finished building: ../src/stopwatch_8xx.c
 
Building file: ../src/swm_8xx.c
Invoking: MCU C Compiler
arm-none-eabi-gcc -D__REDLIB__ -DDEBUG -D__CODE_RED -D__USE_LPCOPEN -DCORE_M0PLUS -I"G:\GitHub\AE_VVD_MULTI\2_Firmware\1_MultiSensor\lpc_chip_82x\inc" -O0 -g3 -Wall -c -fmessage-length=0 -fno-builtin -ffunction-sections -fdata-sections -mcpu=cortex-m0 -mthumb -specs=redlib.specs -MMD -MP -MF"src/swm_8xx.d" -MT"src/swm_8xx.o" -MT"src/swm_8xx.d" -o "src/swm_8xx.o" "../src/swm_8xx.c"
Finished building: ../src/swm_8xx.c
 
Building file: ../src/syscon_8xx.c
Invoking: MCU C Compiler
arm-none-eabi-gcc -D__REDLIB__ -DDEBUG -D__CODE_RED -D__USE_LPCOPEN -DCORE_M0PLUS -I"G:\GitHub\AE_VVD_MULTI\2_Firmware\1_MultiSensor\lpc_chip_82x\inc" -O0 -g3 -Wall -c -fmessage-length=0 -fno-builtin -ffunction-sections -fdata-sections -mcpu=cortex-m0 -mthumb -specs=redlib.specs -MMD -MP -MF"src/syscon_8xx.d" -MT"src/syscon_8xx.o" -MT"src/syscon_8xx.d" -o "src/syscon_8xx.o" "../src/syscon_8xx.c"
Finished building: ../src/syscon_8xx.c
 
Building file: ../src/sysinit_8xx.c
Invoking: MCU C Compiler
arm-none-eabi-gcc -D__REDLIB__ -DDEBUG -D__CODE_RED -D__USE_LPCOPEN -DCORE_M0PLUS -I"G:\GitHub\AE_VVD_MULTI\2_Firmware\1_MultiSensor\lpc_chip_82x\inc" -O0 -g3 -Wall -c -fmessage-length=0 -fno-builtin -ffunction-sections -fdata-sections -mcpu=cortex-m0 -mthumb -specs=redlib.specs -MMD -MP -MF"src/sysinit_8xx.d" -MT"src/sysinit_8xx.o" -MT"src/sysinit_8xx.d" -o "src/sysinit_8xx.o" "../src/sysinit_8xx.c"
Finished building: ../src/sysinit_8xx.c
 
Building file: ../src/uart_8xx.c
Invoking: MCU C Compiler
arm-none-eabi-gcc -D__REDLIB__ -DDEBUG -D__CODE_RED -D__USE_LPCOPEN -DCORE_M0PLUS -I"G:\GitHub\AE_VVD_MULTI\2_Firmware\1_MultiSensor\lpc_chip_82x\inc" -O0 -g3 -Wall -c -fmessage-length=0 -fno-builtin -ffunction-sections -fdata-sections -mcpu=cortex-m0 -mthumb -specs=redlib.specs -MMD -MP -MF"src/uart_8xx.d" -MT"src/uart_8xx.o" -MT"src/uart_8xx.d" -o "src/uart_8xx.o" "../src/uart_8xx.c"
Finished building: ../src/uart_8xx.c
 
Building file: ../src/wkt_8xx.c
Invoking: MCU C Compiler
arm-none-eabi-gcc -D__REDLIB__ -DDEBUG -D__CODE_RED -D__USE_LPCOPEN -DCORE_M0PLUS -I"G:\GitHub\AE_VVD_MULTI\2_Firmware\1_MultiSensor\lpc_chip_82x\inc" -O0 -g3 -Wall -c -fmessage-length=0 -fno-builtin -ffunction-sections -fdata-sections -mcpu=cortex-m0 -mthumb -specs=redlib.specs -MMD -MP -MF"src/wkt_8xx.d" -MT"src/wkt_8xx.o" -MT"src/wkt_8xx.d" -o "src/wkt_8xx.o" "../src/wkt_8xx.c"
Finished building: ../src/wkt_8xx.c
 
Building file: ../src/wwdt_8xx.c
Invoking: MCU C Compiler
arm-none-eabi-gcc -D__REDLIB__ -DDEBUG -D__CODE_RED -D__USE_LPCOPEN -DCORE_M0PLUS -I"G:\GitHub\AE_VVD_MULTI\2_Firmware\1_MultiSensor\lpc_chip_82x\inc" -O0 -g3 -Wall -c -fmessage-length=0 -fno-builtin -ffunction-sections -fdata-sections -mcpu=cortex-m0 -mthumb -specs=redlib.specs -MMD -MP -MF"src/wwdt_8xx.d" -MT"src/wwdt_8xx.o" -MT"src/wwdt_8xx.d" -o "src/wwdt_8xx.o" "../src/wwdt_8xx.c"
Finished building: ../src/wwdt_8xx.c
 
Building target: liblpc_chip_82x.a
Invoking: MCU Archiver
arm-none-eabi-ar -r  "liblpc_chip_82x.a"  ./src/acmp_8xx.o ./src/adc_8xx.o ./src/chip_8xx.o ./src/clock_8xx.o ./src/crc_8xx.o ./src/dma_8xx.o ./src/gpio_8xx.o ./src/i2c_common_8xx.o ./src/i2cm_8xx.o ./src/i2cs_8xx.o ./src/iap.o ./src/iocon_8xx.o ./src/irc_8xx.o ./src/pinint_8xx.o ./src/pmu_8xx.o ./src/ring_buffer.o ./src/sct_8xx.o ./src/sct_pwm_8xx.o ./src/spi_8xx.o ./src/spim_8xx.o ./src/spis_8xx.o ./src/stopwatch_8xx.o ./src/swm_8xx.o ./src/syscon_8xx.o ./src/sysinit_8xx.o ./src/uart_8xx.o ./src/wkt_8xx.o ./src/wwdt_8xx.o   
c:\nxp\LPCXpresso_8.1.4_606\lpcxpresso\tools\bin\arm-none-eabi-ar.exe: creating liblpc_chip_82x.a
Finished building target: liblpc_chip_82x.a
 
make --no-print-directory post-build
Performing post-build steps
arm-none-eabi-size "liblpc_chip_82x.a" ; # arm-none-eabi-objdump -h -S "liblpc_chip_82x.a" >"liblpc_chip_82x.lss"
   text	   data	    bss	    dec	    hex	filename
    580	      0	      0	    580	    244	acmp_8xx.o (ex liblpc_chip_82x.a)
    380	      0	      0	    380	    17c	adc_8xx.o (ex liblpc_chip_82x.a)
     24	      0	      0	     24	     18	chip_8xx.o (ex liblpc_chip_82x.a)
   1452	      0	      0	   1452	    5ac	clock_8xx.o (ex liblpc_chip_82x.a)
    576	      0	      0	    576	    240	crc_8xx.o (ex liblpc_chip_82x.a)
      0	      0	      0	      0	      0	dma_8xx.o (ex liblpc_chip_82x.a)
    168	      0	      0	    168	     a8	gpio_8xx.o (ex liblpc_chip_82x.a)
    488	      0	      0	    488	    1e8	i2c_common_8xx.o (ex liblpc_chip_82x.a)
    996	      0	      0	    996	    3e4	i2cm_8xx.o (ex liblpc_chip_82x.a)
    500	      0	      0	    500	    1f4	i2cs_8xx.o (ex liblpc_chip_82x.a)
    756	      0	      0	    756	    2f4	iap.o (ex liblpc_chip_82x.a)
    920	      0	      0	    920	    398	iocon_8xx.o (ex liblpc_chip_82x.a)
   1530	      0	      2	   1532	    5fc	irc_8xx.o (ex liblpc_chip_82x.a)
    244	      0	      0	    244	     f4	pinint_8xx.o (ex liblpc_chip_82x.a)
    256	      0	      0	    256	    100	pmu_8xx.o (ex liblpc_chip_82x.a)
    960	      0	      0	    960	    3c0	ring_buffer.o (ex liblpc_chip_82x.a)
    548	      0	      0	    548	    224	sct_8xx.o (ex liblpc_chip_82x.a)
    500	      0	      0	    500	    1f4	sct_pwm_8xx.o (ex liblpc_chip_82x.a)
   1444	      0	      0	   1444	    5a4	spi_8xx.o (ex liblpc_chip_82x.a)
   1076	      0	      1	   1077	    435	spim_8xx.o (ex liblpc_chip_82x.a)
    736	      0	      1	    737	    2e1	spis_8xx.o (ex liblpc_chip_82x.a)
    656	      0	     12	    668	    29c	stopwatch_8xx.o (ex liblpc_chip_82x.a)
    276	      0	      0	    276	    114	swm_8xx.o (ex liblpc_chip_82x.a)
    224	      0	      0	    224	     e0	syscon_8xx.o (ex liblpc_chip_82x.a)
    292	      0	      0	    292	    124	sysinit_8xx.o (ex liblpc_chip_82x.a)
   1348	      0	      0	   1348	    544	uart_8xx.o (ex liblpc_chip_82x.a)
    180	      0	      0	    180	     b4	wkt_8xx.o (ex liblpc_chip_82x.a)
    264	      0	      0	    264	    108	wwdt_8xx.o (ex liblpc_chip_82x.a)
 
20:08:12 **** Build of configuration Debug for project MultiSensor_bsp ****
make -r all 
Building file: ../src/low_level_drivers/adc.c
Invoking: MCU C Compiler
arm-none-eabi-gcc -D__REDLIB__ -DDEBUG -D__CODE_RED -DCORE_M0PLUS -D__USE_LPCOPEN -D__LPC82X__ -I"G:\GitHub\AE_VVD_MULTI\2_Firmware\1_MultiSensor\MultiSensor_bsp\inc" -I"G:\GitHub\AE_VVD_MULTI\2_Firmware\1_MultiSensor\lpc_chip_82x\inc" -O0 -fno-common -g3 -Wall -c -fmessage-length=0 -fno-builtin -ffunction-sections -fdata-sections -mcpu=cortex-m0 -mthumb -specs=redlib.specs -MMD -MP -MF"src/low_level_drivers/adc.d" -MT"src/low_level_drivers/adc.o" -MT"src/low_level_drivers/adc.d" -o "src/low_level_drivers/adc.o" "../src/low_level_drivers/adc.c"
Finished building: ../src/low_level_drivers/adc.c
 
Building file: ../src/low_level_drivers/boardconfig.c
Invoking: MCU C Compiler
arm-none-eabi-gcc -D__REDLIB__ -DDEBUG -D__CODE_RED -DCORE_M0PLUS -D__USE_LPCOPEN -D__LPC82X__ -I"G:\GitHub\AE_VVD_MULTI\2_Firmware\1_MultiSensor\MultiSensor_bsp\inc" -I"G:\GitHub\AE_VVD_MULTI\2_Firmware\1_MultiSensor\lpc_chip_82x\inc" -O0 -fno-common -g3 -Wall -c -fmessage-length=0 -fno-builtin -ffunction-sections -fdata-sections -mcpu=cortex-m0 -mthumb -specs=redlib.specs -MMD -MP -MF"src/low_level_drivers/boardconfig.d" -MT"src/low_level_drivers/boardconfig.o" -MT"src/low_level_drivers/boardconfig.d" -o "src/low_level_drivers/boardconfig.o" "../src/low_level_drivers/boardconfig.c"
Finished building: ../src/low_level_drivers/boardconfig.c
 
Building file: ../src/low_level_drivers/gpio.c
Invoking: MCU C Compiler
arm-none-eabi-gcc -D__REDLIB__ -DDEBUG -D__CODE_RED -DCORE_M0PLUS -D__USE_LPCOPEN -D__LPC82X__ -I"G:\GitHub\AE_VVD_MULTI\2_Firmware\1_MultiSensor\MultiSensor_bsp\inc" -I"G:\GitHub\AE_VVD_MULTI\2_Firmware\1_MultiSensor\lpc_chip_82x\inc" -O0 -fno-common -g3 -Wall -c -fmessage-length=0 -fno-builtin -ffunction-sections -fdata-sections -mcpu=cortex-m0 -mthumb -specs=redlib.specs -MMD -MP -MF"src/low_level_drivers/gpio.d" -MT"src/low_level_drivers/gpio.o" -MT"src/low_level_drivers/gpio.d" -o "src/low_level_drivers/gpio.o" "../src/low_level_drivers/gpio.c"
Finished building: ../src/low_level_drivers/gpio.c
 
Building file: ../src/low_level_drivers/i2c.c
Invoking: MCU C Compiler
arm-none-eabi-gcc -D__REDLIB__ -DDEBUG -D__CODE_RED -DCORE_M0PLUS -D__USE_LPCOPEN -D__LPC82X__ -I"G:\GitHub\AE_VVD_MULTI\2_Firmware\1_MultiSensor\MultiSensor_bsp\inc" -I"G:\GitHub\AE_VVD_MULTI\2_Firmware\1_MultiSensor\lpc_chip_82x\inc" -O0 -fno-common -g3 -Wall -c -fmessage-length=0 -fno-builtin -ffunction-sections -fdata-sections -mcpu=cortex-m0 -mthumb -specs=redlib.specs -MMD -MP -MF"src/low_level_drivers/i2c.d" -MT"src/low_level_drivers/i2c.o" -MT"src/low_level_drivers/i2c.d" -o "src/low_level_drivers/i2c.o" "../src/low_level_drivers/i2c.c"
Finished building: ../src/low_level_drivers/i2c.c
 
Building file: ../src/low_level_drivers/lowleveldrivers.c
Invoking: MCU C Compiler
arm-none-eabi-gcc -D__REDLIB__ -DDEBUG -D__CODE_RED -DCORE_M0PLUS -D__USE_LPCOPEN -D__LPC82X__ -I"G:\GitHub\AE_VVD_MULTI\2_Firmware\1_MultiSensor\MultiSensor_bsp\inc" -I"G:\GitHub\AE_VVD_MULTI\2_Firmware\1_MultiSensor\lpc_chip_82x\inc" -O0 -fno-common -g3 -Wall -c -fmessage-length=0 -fno-builtin -ffunction-sections -fdata-sections -mcpu=cortex-m0 -mthumb -specs=redlib.specs -MMD -MP -MF"src/low_level_drivers/lowleveldrivers.d" -MT"src/low_level_drivers/lowleveldrivers.o" -MT"src/low_level_drivers/lowleveldrivers.d" -o "src/low_level_drivers/lowleveldrivers.o" "../src/low_level_drivers/lowleveldrivers.c"
Finished building: ../src/low_level_drivers/lowleveldrivers.c
 
Building file: ../src/low_level_drivers/mrt.c
Invoking: MCU C Compiler
arm-none-eabi-gcc -D__REDLIB__ -DDEBUG -D__CODE_RED -DCORE_M0PLUS -D__USE_LPCOPEN -D__LPC82X__ -I"G:\GitHub\AE_VVD_MULTI\2_Firmware\1_MultiSensor\MultiSensor_bsp\inc" -I"G:\GitHub\AE_VVD_MULTI\2_Firmware\1_MultiSensor\lpc_chip_82x\inc" -O0 -fno-common -g3 -Wall -c -fmessage-length=0 -fno-builtin -ffunction-sections -fdata-sections -mcpu=cortex-m0 -mthumb -specs=redlib.specs -MMD -MP -MF"src/low_level_drivers/mrt.d" -MT"src/low_level_drivers/mrt.o" -MT"src/low_level_drivers/mrt.d" -o "src/low_level_drivers/mrt.o" "../src/low_level_drivers/mrt.c"
Finished building: ../src/low_level_drivers/mrt.c
 
Building file: ../src/low_level_drivers/pinmux.c
Invoking: MCU C Compiler
arm-none-eabi-gcc -D__REDLIB__ -DDEBUG -D__CODE_RED -DCORE_M0PLUS -D__USE_LPCOPEN -D__LPC82X__ -I"G:\GitHub\AE_VVD_MULTI\2_Firmware\1_MultiSensor\MultiSensor_bsp\inc" -I"G:\GitHub\AE_VVD_MULTI\2_Firmware\1_MultiSensor\lpc_chip_82x\inc" -O0 -fno-common -g3 -Wall -c -fmessage-length=0 -fno-builtin -ffunction-sections -fdata-sections -mcpu=cortex-m0 -mthumb -specs=redlib.specs -MMD -MP -MF"src/low_level_drivers/pinmux.d" -MT"src/low_level_drivers/pinmux.o" -MT"src/low_level_drivers/pinmux.d" -o "src/low_level_drivers/pinmux.o" "../src/low_level_drivers/pinmux.c"
Finished building: ../src/low_level_drivers/pinmux.c
 
Building file: ../src/low_level_drivers/pwm.c
Invoking: MCU C Compiler
arm-none-eabi-gcc -D__REDLIB__ -DDEBUG -D__CODE_RED -DCORE_M0PLUS -D__USE_LPCOPEN -D__LPC82X__ -I"G:\GitHub\AE_VVD_MULTI\2_Firmware\1_MultiSensor\MultiSensor_bsp\inc" -I"G:\GitHub\AE_VVD_MULTI\2_Firmware\1_MultiSensor\lpc_chip_82x\inc" -O0 -fno-common -g3 -Wall -c -fmessage-length=0 -fno-builtin -ffunction-sections -fdata-sections -mcpu=cortex-m0 -mthumb -specs=redlib.specs -MMD -MP -MF"src/low_level_drivers/pwm.d" -MT"src/low_level_drivers/pwm.o" -MT"src/low_level_drivers/pwm.d" -o "src/low_level_drivers/pwm.o" "../src/low_level_drivers/pwm.c"
Finished building: ../src/low_level_drivers/pwm.c
 
Building file: ../src/low_level_drivers/systick.c
Invoking: MCU C Compiler
arm-none-eabi-gcc -D__REDLIB__ -DDEBUG -D__CODE_RED -DCORE_M0PLUS -D__USE_LPCOPEN -D__LPC82X__ -I"G:\GitHub\AE_VVD_MULTI\2_Firmware\1_MultiSensor\MultiSensor_bsp\inc" -I"G:\GitHub\AE_VVD_MULTI\2_Firmware\1_MultiSensor\lpc_chip_82x\inc" -O0 -fno-common -g3 -Wall -c -fmessage-length=0 -fno-builtin -ffunction-sections -fdata-sections -mcpu=cortex-m0 -mthumb -specs=redlib.specs -MMD -MP -MF"src/low_level_drivers/systick.d" -MT"src/low_level_drivers/systick.o" -MT"src/low_level_drivers/systick.d" -o "src/low_level_drivers/systick.o" "../src/low_level_drivers/systick.c"
Finished building: ../src/low_level_drivers/systick.c
 
Building file: ../src/low_level_drivers/usart.c
Invoking: MCU C Compiler
arm-none-eabi-gcc -D__REDLIB__ -DDEBUG -D__CODE_RED -DCORE_M0PLUS -D__USE_LPCOPEN -D__LPC82X__ -I"G:\GitHub\AE_VVD_MULTI\2_Firmware\1_MultiSensor\MultiSensor_bsp\inc" -I"G:\GitHub\AE_VVD_MULTI\2_Firmware\1_MultiSensor\lpc_chip_82x\inc" -O0 -fno-common -g3 -Wall -c -fmessage-length=0 -fno-builtin -ffunction-sections -fdata-sections -mcpu=cortex-m0 -mthumb -specs=redlib.specs -MMD -MP -MF"src/low_level_drivers/usart.d" -MT"src/low_level_drivers/usart.o" -MT"src/low_level_drivers/usart.d" -o "src/low_level_drivers/usart.o" "../src/low_level_drivers/usart.c"
Finished building: ../src/low_level_drivers/usart.c
 
Building file: ../src/library/utilities.c
Invoking: MCU C Compiler
arm-none-eabi-gcc -D__REDLIB__ -DDEBUG -D__CODE_RED -DCORE_M0PLUS -D__USE_LPCOPEN -D__LPC82X__ -I"G:\GitHub\AE_VVD_MULTI\2_Firmware\1_MultiSensor\MultiSensor_bsp\inc" -I"G:\GitHub\AE_VVD_MULTI\2_Firmware\1_MultiSensor\lpc_chip_82x\inc" -O0 -fno-common -g3 -Wall -c -fmessage-length=0 -fno-builtin -ffunction-sections -fdata-sections -mcpu=cortex-m0 -mthumb -specs=redlib.specs -MMD -MP -MF"src/library/utilities.d" -MT"src/library/utilities.o" -MT"src/library/utilities.d" -o "src/library/utilities.o" "../src/library/utilities.c"
Finished building: ../src/library/utilities.c
 
Building file: ../src/high_level_drivers/BMP280_driver/bmp280.c
Invoking: MCU C Compiler
arm-none-eabi-gcc -D__REDLIB__ -DDEBUG -D__CODE_RED -DCORE_M0PLUS -D__USE_LPCOPEN -D__LPC82X__ -I"G:\GitHub\AE_VVD_MULTI\2_Firmware\1_MultiSensor\MultiSensor_bsp\inc" -I"G:\GitHub\AE_VVD_MULTI\2_Firmware\1_MultiSensor\lpc_chip_82x\inc" -O0 -fno-common -g3 -Wall -c -fmessage-length=0 -fno-builtin -ffunction-sections -fdata-sections -mcpu=cortex-m0 -mthumb -specs=redlib.specs -MMD -MP -MF"src/high_level_drivers/BMP280_driver/bmp280.d" -MT"src/high_level_drivers/BMP280_driver/bmp280.o" -MT"src/high_level_drivers/BMP280_driver/bmp280.d" -o "src/high_level_drivers/BMP280_driver/bmp280.o" "../src/high_level_drivers/BMP280_driver/bmp280.c"
Finished building: ../src/high_level_drivers/BMP280_driver/bmp280.c
 
Building file: ../src/high_level_drivers/address.c
Invoking: MCU C Compiler
arm-none-eabi-gcc -D__REDLIB__ -DDEBUG -D__CODE_RED -DCORE_M0PLUS -D__USE_LPCOPEN -D__LPC82X__ -I"G:\GitHub\AE_VVD_MULTI\2_Firmware\1_MultiSensor\MultiSensor_bsp\inc" -I"G:\GitHub\AE_VVD_MULTI\2_Firmware\1_MultiSensor\lpc_chip_82x\inc" -O0 -fno-common -g3 -Wall -c -fmessage-length=0 -fno-builtin -ffunction-sections -fdata-sections -mcpu=cortex-m0 -mthumb -specs=redlib.specs -MMD -MP -MF"src/high_level_drivers/address.d" -MT"src/high_level_drivers/address.o" -MT"src/high_level_drivers/address.d" -o "src/high_level_drivers/address.o" "../src/high_level_drivers/address.c"
Finished building: ../src/high_level_drivers/address.c
 
Building file: ../src/high_level_drivers/buzzer.c
Invoking: MCU C Compiler
arm-none-eabi-gcc -D__REDLIB__ -DDEBUG -D__CODE_RED -DCORE_M0PLUS -D__USE_LPCOPEN -D__LPC82X__ -I"G:\GitHub\AE_VVD_MULTI\2_Firmware\1_MultiSensor\MultiSensor_bsp\inc" -I"G:\GitHub\AE_VVD_MULTI\2_Firmware\1_MultiSensor\lpc_chip_82x\inc" -O0 -fno-common -g3 -Wall -c -fmessage-length=0 -fno-builtin -ffunction-sections -fdata-sections -mcpu=cortex-m0 -mthumb -specs=redlib.specs -MMD -MP -MF"src/high_level_drivers/buzzer.d" -MT"src/high_level_drivers/buzzer.o" -MT"src/high_level_drivers/buzzer.d" -o "src/high_level_drivers/buzzer.o" "../src/high_level_drivers/buzzer.c"
Finished building: ../src/high_level_drivers/buzzer.c
 
Building file: ../src/high_level_drivers/gas_mq2.c
Invoking: MCU C Compiler
arm-none-eabi-gcc -D__REDLIB__ -DDEBUG -D__CODE_RED -DCORE_M0PLUS -D__USE_LPCOPEN -D__LPC82X__ -I"G:\GitHub\AE_VVD_MULTI\2_Firmware\1_MultiSensor\MultiSensor_bsp\inc" -I"G:\GitHub\AE_VVD_MULTI\2_Firmware\1_MultiSensor\lpc_chip_82x\inc" -O0 -fno-common -g3 -Wall -c -fmessage-length=0 -fno-builtin -ffunction-sections -fdata-sections -mcpu=cortex-m0 -mthumb -specs=redlib.specs -MMD -MP -MF"src/high_level_drivers/gas_mq2.d" -MT"src/high_level_drivers/gas_mq2.o" -MT"src/high_level_drivers/gas_mq2.d" -o "src/high_level_drivers/gas_mq2.o" "../src/high_level_drivers/gas_mq2.c"
Finished building: ../src/high_level_drivers/gas_mq2.c
 
Building file: ../src/high_level_drivers/highleveldrivers.c
Invoking: MCU C Compiler
arm-none-eabi-gcc -D__REDLIB__ -DDEBUG -D__CODE_RED -DCORE_M0PLUS -D__USE_LPCOPEN -D__LPC82X__ -I"G:\GitHub\AE_VVD_MULTI\2_Firmware\1_MultiSensor\MultiSensor_bsp\inc" -I"G:\GitHub\AE_VVD_MULTI\2_Firmware\1_MultiSensor\lpc_chip_82x\inc" -O0 -fno-common -g3 -Wall -c -fmessage-length=0 -fno-builtin -ffunction-sections -fdata-sections -mcpu=cortex-m0 -mthumb -specs=redlib.specs -MMD -MP -MF"src/high_level_drivers/highleveldrivers.d" -MT"src/high_level_drivers/highleveldrivers.o" -MT"src/high_level_drivers/highleveldrivers.d" -o "src/high_level_drivers/highleveldrivers.o" "../src/high_level_drivers/highleveldrivers.c"
Finished building: ../src/high_level_drivers/highleveldrivers.c
 
Building file: ../src/high_level_drivers/humidity_dht22.c
Invoking: MCU C Compiler
arm-none-eabi-gcc -D__REDLIB__ -DDEBUG -D__CODE_RED -DCORE_M0PLUS -D__USE_LPCOPEN -D__LPC82X__ -I"G:\GitHub\AE_VVD_MULTI\2_Firmware\1_MultiSensor\MultiSensor_bsp\inc" -I"G:\GitHub\AE_VVD_MULTI\2_Firmware\1_MultiSensor\lpc_chip_82x\inc" -O0 -fno-common -g3 -Wall -c -fmessage-length=0 -fno-builtin -ffunction-sections -fdata-sections -mcpu=cortex-m0 -mthumb -specs=redlib.specs -MMD -MP -MF"src/high_level_drivers/humidity_dht22.d" -MT"src/high_level_drivers/humidity_dht22.o" -MT"src/high_level_drivers/humidity_dht22.d" -o "src/high_level_drivers/humidity_dht22.o" "../src/high_level_drivers/humidity_dht22.c"
Finished building: ../src/high_level_drivers/humidity_dht22.c
 
Building file: ../src/high_level_drivers/lum_tsl2561.c
Invoking: MCU C Compiler
arm-none-eabi-gcc -D__REDLIB__ -DDEBUG -D__CODE_RED -DCORE_M0PLUS -D__USE_LPCOPEN -D__LPC82X__ -I"G:\GitHub\AE_VVD_MULTI\2_Firmware\1_MultiSensor\MultiSensor_bsp\inc" -I"G:\GitHub\AE_VVD_MULTI\2_Firmware\1_MultiSensor\lpc_chip_82x\inc" -O0 -fno-common -g3 -Wall -c -fmessage-length=0 -fno-builtin -ffunction-sections -fdata-sections -mcpu=cortex-m0 -mthumb -specs=redlib.specs -MMD -MP -MF"src/high_level_drivers/lum_tsl2561.d" -MT"src/high_level_drivers/lum_tsl2561.o" -MT"src/high_level_drivers/lum_tsl2561.d" -o "src/high_level_drivers/lum_tsl2561.o" "../src/high_level_drivers/lum_tsl2561.c"
Finished building: ../src/high_level_drivers/lum_tsl2561.c
 
Building file: ../src/high_level_drivers/microphone.c
Invoking: MCU C Compiler
arm-none-eabi-gcc -D__REDLIB__ -DDEBUG -D__CODE_RED -DCORE_M0PLUS -D__USE_LPCOPEN -D__LPC82X__ -I"G:\GitHub\AE_VVD_MULTI\2_Firmware\1_MultiSensor\MultiSensor_bsp\inc" -I"G:\GitHub\AE_VVD_MULTI\2_Firmware\1_MultiSensor\lpc_chip_82x\inc" -O0 -fno-common -g3 -Wall -c -fmessage-length=0 -fno-builtin -ffunction-sections -fdata-sections -mcpu=cortex-m0 -mthumb -specs=redlib.specs -MMD -MP -MF"src/high_level_drivers/microphone.d" -MT"src/high_level_drivers/microphone.o" -MT"src/high_level_drivers/microphone.d" -o "src/high_level_drivers/microphone.o" "../src/high_level_drivers/microphone.c"
Finished building: ../src/high_level_drivers/microphone.c
 
Building file: ../src/high_level_drivers/pir_hcsr501.c
Invoking: MCU C Compiler
arm-none-eabi-gcc -D__REDLIB__ -DDEBUG -D__CODE_RED -DCORE_M0PLUS -D__USE_LPCOPEN -D__LPC82X__ -I"G:\GitHub\AE_VVD_MULTI\2_Firmware\1_MultiSensor\MultiSensor_bsp\inc" -I"G:\GitHub\AE_VVD_MULTI\2_Firmware\1_MultiSensor\lpc_chip_82x\inc" -O0 -fno-common -g3 -Wall -c -fmessage-length=0 -fno-builtin -ffunction-sections -fdata-sections -mcpu=cortex-m0 -mthumb -specs=redlib.specs -MMD -MP -MF"src/high_level_drivers/pir_hcsr501.d" -MT"src/high_level_drivers/pir_hcsr501.o" -MT"src/high_level_drivers/pir_hcsr501.d" -o "src/high_level_drivers/pir_hcsr501.o" "../src/high_level_drivers/pir_hcsr501.c"
Finished building: ../src/high_level_drivers/pir_hcsr501.c
 
Building file: ../src/high_level_drivers/pressure_bmp280.c
Invoking: MCU C Compiler
arm-none-eabi-gcc -D__REDLIB__ -DDEBUG -D__CODE_RED -DCORE_M0PLUS -D__USE_LPCOPEN -D__LPC82X__ -I"G:\GitHub\AE_VVD_MULTI\2_Firmware\1_MultiSensor\MultiSensor_bsp\inc" -I"G:\GitHub\AE_VVD_MULTI\2_Firmware\1_MultiSensor\lpc_chip_82x\inc" -O0 -fno-common -g3 -Wall -c -fmessage-length=0 -fno-builtin -ffunction-sections -fdata-sections -mcpu=cortex-m0 -mthumb -specs=redlib.specs -MMD -MP -MF"src/high_level_drivers/pressure_bmp280.d" -MT"src/high_level_drivers/pressure_bmp280.o" -MT"src/high_level_drivers/pressure_bmp280.d" -o "src/high_level_drivers/pressure_bmp280.o" "../src/high_level_drivers/pressure_bmp280.c"
Finished building: ../src/high_level_drivers/pressure_bmp280.c
 
Building file: ../src/high_level_drivers/rgbled.c
Invoking: MCU C Compiler
arm-none-eabi-gcc -D__REDLIB__ -DDEBUG -D__CODE_RED -DCORE_M0PLUS -D__USE_LPCOPEN -D__LPC82X__ -I"G:\GitHub\AE_VVD_MULTI\2_Firmware\1_MultiSensor\MultiSensor_bsp\inc" -I"G:\GitHub\AE_VVD_MULTI\2_Firmware\1_MultiSensor\lpc_chip_82x\inc" -O0 -fno-common -g3 -Wall -c -fmessage-length=0 -fno-builtin -ffunction-sections -fdata-sections -mcpu=cortex-m0 -mthumb -specs=redlib.specs -MMD -MP -MF"src/high_level_drivers/rgbled.d" -MT"src/high_level_drivers/rgbled.o" -MT"src/high_level_drivers/rgbled.d" -o "src/high_level_drivers/rgbled.o" "../src/high_level_drivers/rgbled.c"
Finished building: ../src/high_level_drivers/rgbled.c
 
Building file: ../src/high_level_drivers/temp_ds18b20.c
Invoking: MCU C Compiler
arm-none-eabi-gcc -D__REDLIB__ -DDEBUG -D__CODE_RED -DCORE_M0PLUS -D__USE_LPCOPEN -D__LPC82X__ -I"G:\GitHub\AE_VVD_MULTI\2_Firmware\1_MultiSensor\MultiSensor_bsp\inc" -I"G:\GitHub\AE_VVD_MULTI\2_Firmware\1_MultiSensor\lpc_chip_82x\inc" -O0 -fno-common -g3 -Wall -c -fmessage-length=0 -fno-builtin -ffunction-sections -fdata-sections -mcpu=cortex-m0 -mthumb -specs=redlib.specs -MMD -MP -MF"src/high_level_drivers/temp_ds18b20.d" -MT"src/high_level_drivers/temp_ds18b20.o" -MT"src/high_level_drivers/temp_ds18b20.d" -o "src/high_level_drivers/temp_ds18b20.o" "../src/high_level_drivers/temp_ds18b20.c"
Finished building: ../src/high_level_drivers/temp_ds18b20.c
 
Building target: libMultiSensor_bsp.a
Invoking: MCU Archiver
arm-none-eabi-ar -r  "libMultiSensor_bsp.a"  ./src/low_level_drivers/adc.o ./src/low_level_drivers/boardconfig.o ./src/low_level_drivers/gpio.o ./src/low_level_drivers/i2c.o ./src/low_level_drivers/lowleveldrivers.o ./src/low_level_drivers/mrt.o ./src/low_level_drivers/pinmux.o ./src/low_level_drivers/pwm.o ./src/low_level_drivers/systick.o ./src/low_level_drivers/usart.o  ./src/library/utilities.o  ./src/high_level_drivers/BMP280_driver/bmp280.o  ./src/high_level_drivers/address.o ./src/high_level_drivers/buzzer.o ./src/high_level_drivers/gas_mq2.o ./src/high_level_drivers/highleveldrivers.o ./src/high_level_drivers/humidity_dht22.o ./src/high_level_drivers/lum_tsl2561.o ./src/high_level_drivers/microphone.o ./src/high_level_drivers/pir_hcsr501.o ./src/high_level_drivers/pressure_bmp280.o ./src/high_level_drivers/rgbled.o ./src/high_level_drivers/temp_ds18b20.o   
c:\nxp\LPCXpresso_8.1.4_606\lpcxpresso\tools\bin\arm-none-eabi-ar.exe: creating libMultiSensor_bsp.a
Finished building target: libMultiSensor_bsp.a
 
make --no-print-directory post-build
Performing post-build steps
arm-none-eabi-size "libMultiSensor_bsp.a" ; # arm-none-eabi-objdump -h -S "libMultiSensor_bsp.a" >"libMultiSensor_bsp.lss"
   text	   data	    bss	    dec	    hex	filename
   1428	      0	    169	   1597	    63d	adc.o (ex libMultiSensor_bsp.a)
    120	      0	      0	    120	     78	boardconfig.o (ex libMultiSensor_bsp.a)
   2616	     32	     29	   2677	    a75	gpio.o (ex libMultiSensor_bsp.a)
    720	      0	      0	    720	    2d0	i2c.o (ex libMultiSensor_bsp.a)
   1110	      0	    332	   1442	    5a2	lowleveldrivers.o (ex libMultiSensor_bsp.a)
   1252	      0	     32	   1284	    504	mrt.o (ex libMultiSensor_bsp.a)
    364	      0	      0	    364	    16c	pinmux.o (ex libMultiSensor_bsp.a)
    676	      0	      0	    676	    2a4	pwm.o (ex libMultiSensor_bsp.a)
    472	      0	      8	    480	    1e0	systick.o (ex libMultiSensor_bsp.a)
   1964	      0	    464	   2428	    97c	usart.o (ex libMultiSensor_bsp.a)
     64	      0	      0	     64	     40	utilities.o (ex libMultiSensor_bsp.a)
   6460	      0	      4	   6464	   1940	bmp280.o (ex libMultiSensor_bsp.a)
    272	      0	      0	    272	    110	address.o (ex libMultiSensor_bsp.a)
      0	      0	      0	      0	      0	buzzer.o (ex libMultiSensor_bsp.a)
      0	      0	      0	      0	      0	gas_mq2.o (ex libMultiSensor_bsp.a)
    672	      0	    325	    997	    3e5	highleveldrivers.o (ex libMultiSensor_bsp.a)
   1520	      0	      0	   1520	    5f0	humidity_dht22.o (ex libMultiSensor_bsp.a)
      0	      0	      0	      0	      0	lum_tsl2561.o (ex libMultiSensor_bsp.a)
      0	      0	      0	      0	      0	microphone.o (ex libMultiSensor_bsp.a)
      0	      0	      0	      0	      0	pir_hcsr501.o (ex libMultiSensor_bsp.a)
    940	      0	      4	    944	    3b0	pressure_bmp280.o (ex libMultiSensor_bsp.a)
   1472	      0	      0	   1472	    5c0	rgbled.o (ex libMultiSensor_bsp.a)
      0	      0	      0	      0	      0	temp_ds18b20.o (ex libMultiSensor_bsp.a)
 
20:08:18 **** Build of configuration Debug for project MultiSensor ****
make -r all 
Building file: ../src/MultiSensor.c
Invoking: MCU C Compiler
arm-none-eabi-gcc -DDEBUG -D__CODE_RED -DCORE_M0PLUS -D__MTB_BUFFER_SIZE=256 -D__USE_ROMDIVIDE -D__USE_LPCOPEN -D__LPC82X__ -D__REDLIB__ -I"G:\GitHub\AE_VVD_MULTI\2_Firmware\1_MultiSensor\MultiSensor_bsp\inc" -I"G:\GitHub\AE_VVD_MULTI\2_Firmware\1_MultiSensor\lpc_chip_82x\inc" -O0 -fno-common -g3 -Wall -c -fmessage-length=0 -fno-builtin -ffunction-sections -fdata-sections -mcpu=cortex-m0 -mthumb -specs=redlib.specs -MMD -MP -MF"src/MultiSensor.d" -MT"src/MultiSensor.o" -MT"src/MultiSensor.d" -o "src/MultiSensor.o" "../src/MultiSensor.c"
Finished building: ../src/MultiSensor.c
 
Building file: ../src/aeabi_romdiv_patch.s
Invoking: MCU Assembler
arm-none-eabi-gcc -c -x assembler-with-cpp -DDEBUG -D__CODE_RED -DCORE_M0PLUS -D__USE_ROMDIVIDE -D__USE_LPCOPEN -D__LPC82X__ -D__REDLIB__ -I"G:\GitHub\AE_VVD_MULTI\2_Firmware\1_MultiSensor\MultiSensor_bsp\inc" -I"G:\GitHub\AE_VVD_MULTI\2_Firmware\1_MultiSensor\lpc_chip_82x\inc" -g3 -mcpu=cortex-m0 -mthumb -specs=redlib.specs -o "src/aeabi_romdiv_patch.o" "../src/aeabi_romdiv_patch.s"
Finished building: ../src/aeabi_romdiv_patch.s
 
Building file: ../src/cr_startup_lpc82x.c
Invoking: MCU C Compiler
arm-none-eabi-gcc -DDEBUG -D__CODE_RED -DCORE_M0PLUS -D__MTB_BUFFER_SIZE=256 -D__USE_ROMDIVIDE -D__USE_LPCOPEN -D__LPC82X__ -D__REDLIB__ -I"G:\GitHub\AE_VVD_MULTI\2_Firmware\1_MultiSensor\MultiSensor_bsp\inc" -I"G:\GitHub\AE_VVD_MULTI\2_Firmware\1_MultiSensor\lpc_chip_82x\inc" -O0 -fno-common -g3 -Wall -c -fmessage-length=0 -fno-builtin -ffunction-sections -fdata-sections -mcpu=cortex-m0 -mthumb -specs=redlib.specs -MMD -MP -MF"src/cr_startup_lpc82x.d" -MT"src/cr_startup_lpc82x.o" -MT"src/cr_startup_lpc82x.d" -o "src/cr_startup_lpc82x.o" "../src/cr_startup_lpc82x.c"
Finished building: ../src/cr_startup_lpc82x.c
 
Building file: ../src/crp.c
Invoking: MCU C Compiler
arm-none-eabi-gcc -DDEBUG -D__CODE_RED -DCORE_M0PLUS -D__MTB_BUFFER_SIZE=256 -D__USE_ROMDIVIDE -D__USE_LPCOPEN -D__LPC82X__ -D__REDLIB__ -I"G:\GitHub\AE_VVD_MULTI\2_Firmware\1_MultiSensor\MultiSensor_bsp\inc" -I"G:\GitHub\AE_VVD_MULTI\2_Firmware\1_MultiSensor\lpc_chip_82x\inc" -O0 -fno-common -g3 -Wall -c -fmessage-length=0 -fno-builtin -ffunction-sections -fdata-sections -mcpu=cortex-m0 -mthumb -specs=redlib.specs -MMD -MP -MF"src/crp.d" -MT"src/crp.o" -MT"src/crp.d" -o "src/crp.o" "../src/crp.c"
Finished building: ../src/crp.c
 
Building file: ../src/mtb.c
Invoking: MCU C Compiler
arm-none-eabi-gcc -DDEBUG -D__CODE_RED -DCORE_M0PLUS -D__MTB_BUFFER_SIZE=256 -D__USE_ROMDIVIDE -D__USE_LPCOPEN -D__LPC82X__ -D__REDLIB__ -I"G:\GitHub\AE_VVD_MULTI\2_Firmware\1_MultiSensor\MultiSensor_bsp\inc" -I"G:\GitHub\AE_VVD_MULTI\2_Firmware\1_MultiSensor\lpc_chip_82x\inc" -O0 -fno-common -g3 -Wall -c -fmessage-length=0 -fno-builtin -ffunction-sections -fdata-sections -mcpu=cortex-m0 -mthumb -specs=redlib.specs -MMD -MP -MF"src/mtb.d" -MT"src/mtb.o" -MT"src/mtb.d" -o "src/mtb.o" "../src/mtb.c"
Finished building: ../src/mtb.c
 
Building file: ../src/sysinit.c
Invoking: MCU C Compiler
arm-none-eabi-gcc -DDEBUG -D__CODE_RED -DCORE_M0PLUS -D__MTB_BUFFER_SIZE=256 -D__USE_ROMDIVIDE -D__USE_LPCOPEN -D__LPC82X__ -D__REDLIB__ -I"G:\GitHub\AE_VVD_MULTI\2_Firmware\1_MultiSensor\MultiSensor_bsp\inc" -I"G:\GitHub\AE_VVD_MULTI\2_Firmware\1_MultiSensor\lpc_chip_82x\inc" -O0 -fno-common -g3 -Wall -c -fmessage-length=0 -fno-builtin -ffunction-sections -fdata-sections -mcpu=cortex-m0 -mthumb -specs=redlib.specs -MMD -MP -MF"src/sysinit.d" -MT"src/sysinit.o" -MT"src/sysinit.d" -o "src/sysinit.o" "../src/sysinit.c"
Finished building: ../src/sysinit.c
 
Building target: MultiSensor.axf
Invoking: MCU Linker
arm-none-eabi-gcc -nostdlib -L"G:\GitHub\AE_VVD_MULTI\2_Firmware\1_MultiSensor\MultiSensor_bsp\Debug" -L"G:\GitHub\AE_VVD_MULTI\2_Firmware\1_MultiSensor\lpc_chip_82x\Debug" -Xlinker -Map="MultiSensor.map" -Xlinker --gc-sections -Xlinker -print-memory-usage -mcpu=cortex-m0 -mthumb -T "MultiSensor_Debug.ld" -o "MultiSensor.axf"  ./src/MultiSensor.o ./src/aeabi_romdiv_patch.o ./src/cr_startup_lpc82x.o ./src/crp.o ./src/mtb.o ./src/sysinit.o   -lMultiSensor_bsp -llpc_chip_82x
Memory region         Used Size  Region Size  %age Used
        MFlash32:       20992 B        32 KB     64.06%
         RamLoc8:        1680 B         8 KB     20.51%
Finished building target: MultiSensor.axf
 
make --no-print-directory post-build
Performing post-build steps
arm-none-eabi-size "MultiSensor.axf"; # arm-none-eabi-objcopy -v -O binary "MultiSensor.axf" "MultiSensor.bin" ; # checksum -p LPC824 -d "MultiSensor.bin";
   text	   data	    bss	    dec	    hex	filename
  20960	     32	   1648	  22640	   5870	MultiSensor.axf
 
20:08:22 **** Incremental Build of configuration Debug for project MultiSensor ****
make -r all 
make: Nothing to be done for `all'.
20:09:21 **** Incremental Build of configuration Debug for project lpc_chip_82x ****
make -r all 
make: Nothing to be done for `all'.
20:09:22 **** Incremental Build of configuration Debug for project MultiSensor_bsp ****
make -r all 
Building file: ../src/high_level_drivers/pressure_bmp280.c
Invoking: MCU C Compiler
arm-none-eabi-gcc -D__REDLIB__ -DDEBUG -D__CODE_RED -DCORE_M0PLUS -D__USE_LPCOPEN -D__LPC82X__ -I"G:\GitHub\AE_VVD_MULTI\2_Firmware\1_MultiSensor\MultiSensor_bsp\inc" -I"G:\GitHub\AE_VVD_MULTI\2_Firmware\1_MultiSensor\lpc_chip_82x\inc" -O0 -fno-common -g3 -Wall -c -fmessage-length=0 -fno-builtin -ffunction-sections -fdata-sections -mcpu=cortex-m0 -mthumb -specs=redlib.specs -MMD -MP -MF"src/high_level_drivers/pressure_bmp280.d" -MT"src/high_level_drivers/pressure_bmp280.o" -MT"src/high_level_drivers/pressure_bmp280.d" -o "src/high_level_drivers/pressure_bmp280.o" "../src/high_level_drivers/pressure_bmp280.c"
Finished building: ../src/high_level_drivers/pressure_bmp280.c
 
Building target: libMultiSensor_bsp.a
Invoking: MCU Archiver
arm-none-eabi-ar -r  "libMultiSensor_bsp.a"  ./src/low_level_drivers/adc.o ./src/low_level_drivers/boardconfig.o ./src/low_level_drivers/gpio.o ./src/low_level_drivers/i2c.o ./src/low_level_drivers/lowleveldrivers.o ./src/low_level_drivers/mrt.o ./src/low_level_drivers/pinmux.o ./src/low_level_drivers/pwm.o ./src/low_level_drivers/systick.o ./src/low_level_drivers/usart.o  ./src/library/utilities.o  ./src/high_level_drivers/BMP280_driver/bmp280.o  ./src/high_level_drivers/address.o ./src/high_level_drivers/buzzer.o ./src/high_level_drivers/gas_mq2.o ./src/high_level_drivers/highleveldrivers.o ./src/high_level_drivers/humidity_dht22.o ./src/high_level_drivers/lum_tsl2561.o ./src/high_level_drivers/microphone.o ./src/high_level_drivers/pir_hcsr501.o ./src/high_level_drivers/pressure_bmp280.o ./src/high_level_drivers/rgbled.o ./src/high_level_drivers/temp_ds18b20.o   
c:\nxp\LPCXpresso_8.1.4_606\lpcxpresso\tools\bin\arm-none-eabi-ar.exe: creating libMultiSensor_bsp.a
Finished building target: libMultiSensor_bsp.a
 
make --no-print-directory post-build
Performing post-build steps
arm-none-eabi-size "libMultiSensor_bsp.a" ; # arm-none-eabi-objdump -h -S "libMultiSensor_bsp.a" >"libMultiSensor_bsp.lss"
   text	   data	    bss	    dec	    hex	filename
   1428	      0	    169	   1597	    63d	adc.o (ex libMultiSensor_bsp.a)
    120	      0	      0	    120	     78	boardconfig.o (ex libMultiSensor_bsp.a)
   2616	     32	     29	   2677	    a75	gpio.o (ex libMultiSensor_bsp.a)
    720	      0	      0	    720	    2d0	i2c.o (ex libMultiSensor_bsp.a)
   1110	      0	    332	   1442	    5a2	lowleveldrivers.o (ex libMultiSensor_bsp.a)
   1252	      0	     32	   1284	    504	mrt.o (ex libMultiSensor_bsp.a)
    364	      0	      0	    364	    16c	pinmux.o (ex libMultiSensor_bsp.a)
    676	      0	      0	    676	    2a4	pwm.o (ex libMultiSensor_bsp.a)
    472	      0	      8	    480	    1e0	systick.o (ex libMultiSensor_bsp.a)
   1964	      0	    464	   2428	    97c	usart.o (ex libMultiSensor_bsp.a)
     64	      0	      0	     64	     40	utilities.o (ex libMultiSensor_bsp.a)
   6460	      0	      4	   6464	   1940	bmp280.o (ex libMultiSensor_bsp.a)
    272	      0	      0	    272	    110	address.o (ex libMultiSensor_bsp.a)
      0	      0	      0	      0	      0	buzzer.o (ex libMultiSensor_bsp.a)
      0	      0	      0	      0	      0	gas_mq2.o (ex libMultiSensor_bsp.a)
    672	      0	    325	    997	    3e5	highleveldrivers.o (ex libMultiSensor_bsp.a)
   1520	      0	      0	   1520	    5f0	humidity_dht22.o (ex libMultiSensor_bsp.a)
      0	      0	      0	      0	      0	lum_tsl2561.o (ex libMultiSensor_bsp.a)
      0	      0	      0	      0	      0	microphone.o (ex libMultiSensor_bsp.a)
      0	      0	      0	      0	      0	pir_hcsr501.o (ex libMultiSensor_bsp.a)
    936	      0	      4	    940	    3ac	pressure_bmp280.o (ex libMultiSensor_bsp.a)
   1472	      0	      0	   1472	    5c0	rgbled.o (ex libMultiSensor_bsp.a)
      0	      0	      0	      0	      0	temp_ds18b20.o (ex libMultiSensor_bsp.a)
 
20:09:23 **** Incremental Build of configuration Debug for project MultiSensor ****
make -r all 
Building target: MultiSensor.axf
Invoking: MCU Linker
arm-none-eabi-gcc -nostdlib -L"G:\GitHub\AE_VVD_MULTI\2_Firmware\1_MultiSensor\MultiSensor_bsp\Debug" -L"G:\GitHub\AE_VVD_MULTI\2_Firmware\1_MultiSensor\lpc_chip_82x\Debug" -Xlinker -Map="MultiSensor.map" -Xlinker --gc-sections -Xlinker -print-memory-usage -mcpu=cortex-m0 -mthumb -T "MultiSensor_Debug.ld" -o "MultiSensor.axf"  ./src/MultiSensor.o ./src/aeabi_romdiv_patch.o ./src/cr_startup_lpc82x.o ./src/crp.o ./src/mtb.o ./src/sysinit.o   -lMultiSensor_bsp -llpc_chip_82x
Memory region         Used Size  Region Size  %age Used
        MFlash32:       20988 B        32 KB     64.05%
         RamLoc8:        1680 B         8 KB     20.51%
Finished building target: MultiSensor.axf
 
make --no-print-directory post-build
Performing post-build steps
arm-none-eabi-size "MultiSensor.axf"; # arm-none-eabi-objcopy -v -O binary "MultiSensor.axf" "MultiSensor.bin" ; # checksum -p LPC824 -d "MultiSensor.bin";
   text	   data	    bss	    dec	    hex	filename
  20956	     32	   1648	  22636	   586c	MultiSensor.axf
 
20:09:39 **** Incremental Build of configuration Debug for project lpc_chip_82x ****
make -r all 
make: Nothing to be done for `all'.
20:09:39 **** Incremental Build of configuration Debug for project MultiSensor_bsp ****
make -r all 
Building file: ../src/high_level_drivers/pressure_bmp280.c
Invoking: MCU C Compiler
arm-none-eabi-gcc -D__REDLIB__ -DDEBUG -D__CODE_RED -DCORE_M0PLUS -D__USE_LPCOPEN -D__LPC82X__ -I"G:\GitHub\AE_VVD_MULTI\2_Firmware\1_MultiSensor\MultiSensor_bsp\inc" -I"G:\GitHub\AE_VVD_MULTI\2_Firmware\1_MultiSensor\lpc_chip_82x\inc" -O0 -fno-common -g3 -Wall -c -fmessage-length=0 -fno-builtin -ffunction-sections -fdata-sections -mcpu=cortex-m0 -mthumb -specs=redlib.specs -MMD -MP -MF"src/high_level_drivers/pressure_bmp280.d" -MT"src/high_level_drivers/pressure_bmp280.o" -MT"src/high_level_drivers/pressure_bmp280.d" -o "src/high_level_drivers/pressure_bmp280.o" "../src/high_level_drivers/pressure_bmp280.c"
Finished building: ../src/high_level_drivers/pressure_bmp280.c
 
Building target: libMultiSensor_bsp.a
Invoking: MCU Archiver
arm-none-eabi-ar -r  "libMultiSensor_bsp.a"  ./src/low_level_drivers/adc.o ./src/low_level_drivers/boardconfig.o ./src/low_level_drivers/gpio.o ./src/low_level_drivers/i2c.o ./src/low_level_drivers/lowleveldrivers.o ./src/low_level_drivers/mrt.o ./src/low_level_drivers/pinmux.o ./src/low_level_drivers/pwm.o ./src/low_level_drivers/systick.o ./src/low_level_drivers/usart.o  ./src/library/utilities.o  ./src/high_level_drivers/BMP280_driver/bmp280.o  ./src/high_level_drivers/address.o ./src/high_level_drivers/buzzer.o ./src/high_level_drivers/gas_mq2.o ./src/high_level_drivers/highleveldrivers.o ./src/high_level_drivers/humidity_dht22.o ./src/high_level_drivers/lum_tsl2561.o ./src/high_level_drivers/microphone.o ./src/high_level_drivers/pir_hcsr501.o ./src/high_level_drivers/pressure_bmp280.o ./src/high_level_drivers/rgbled.o ./src/high_level_drivers/temp_ds18b20.o   
c:\nxp\LPCXpresso_8.1.4_606\lpcxpresso\tools\bin\arm-none-eabi-ar.exe: creating libMultiSensor_bsp.a
Finished building target: libMultiSensor_bsp.a
 
make --no-print-directory post-build
Performing post-build steps
arm-none-eabi-size "libMultiSensor_bsp.a" ; # arm-none-eabi-objdump -h -S "libMultiSensor_bsp.a" >"libMultiSensor_bsp.lss"
   text	   data	    bss	    dec	    hex	filename
   1428	      0	    169	   1597	    63d	adc.o (ex libMultiSensor_bsp.a)
    120	      0	      0	    120	     78	boardconfig.o (ex libMultiSensor_bsp.a)
   2616	     32	     29	   2677	    a75	gpio.o (ex libMultiSensor_bsp.a)
    720	      0	      0	    720	    2d0	i2c.o (ex libMultiSensor_bsp.a)
   1110	      0	    332	   1442	    5a2	lowleveldrivers.o (ex libMultiSensor_bsp.a)
   1252	      0	     32	   1284	    504	mrt.o (ex libMultiSensor_bsp.a)
    364	      0	      0	    364	    16c	pinmux.o (ex libMultiSensor_bsp.a)
    676	      0	      0	    676	    2a4	pwm.o (ex libMultiSensor_bsp.a)
    472	      0	      8	    480	    1e0	systick.o (ex libMultiSensor_bsp.a)
   1964	      0	    464	   2428	    97c	usart.o (ex libMultiSensor_bsp.a)
     64	      0	      0	     64	     40	utilities.o (ex libMultiSensor_bsp.a)
   6460	      0	      4	   6464	   1940	bmp280.o (ex libMultiSensor_bsp.a)
    272	      0	      0	    272	    110	address.o (ex libMultiSensor_bsp.a)
      0	      0	      0	      0	      0	buzzer.o (ex libMultiSensor_bsp.a)
      0	      0	      0	      0	      0	gas_mq2.o (ex libMultiSensor_bsp.a)
    672	      0	    325	    997	    3e5	highleveldrivers.o (ex libMultiSensor_bsp.a)
   1520	      0	      0	   1520	    5f0	humidity_dht22.o (ex libMultiSensor_bsp.a)
      0	      0	      0	      0	      0	lum_tsl2561.o (ex libMultiSensor_bsp.a)
      0	      0	      0	      0	      0	microphone.o (ex libMultiSensor_bsp.a)
      0	      0	      0	      0	      0	pir_hcsr501.o (ex libMultiSensor_bsp.a)
    936	      0	      4	    940	    3ac	pressure_bmp280.o (ex libMultiSensor_bsp.a)
   1472	      0	      0	   1472	    5c0	rgbled.o (ex libMultiSensor_bsp.a)
      0	      0	      0	      0	      0	temp_ds18b20.o (ex libMultiSensor_bsp.a)
 
20:09:41 **** Incremental Build of configuration Debug for project MultiSensor ****
make -r all 
Building target: MultiSensor.axf
Invoking: MCU Linker
arm-none-eabi-gcc -nostdlib -L"G:\GitHub\AE_VVD_MULTI\2_Firmware\1_MultiSensor\MultiSensor_bsp\Debug" -L"G:\GitHub\AE_VVD_MULTI\2_Firmware\1_MultiSensor\lpc_chip_82x\Debug" -Xlinker -Map="MultiSensor.map" -Xlinker --gc-sections -Xlinker -print-memory-usage -mcpu=cortex-m0 -mthumb -T "MultiSensor_Debug.ld" -o "MultiSensor.axf"  ./src/MultiSensor.o ./src/aeabi_romdiv_patch.o ./src/cr_startup_lpc82x.o ./src/crp.o ./src/mtb.o ./src/sysinit.o   -lMultiSensor_bsp -llpc_chip_82x
Memory region         Used Size  Region Size  %age Used
        MFlash32:       20988 B        32 KB     64.05%
         RamLoc8:        1680 B         8 KB     20.51%
Finished building target: MultiSensor.axf
 
make --no-print-directory post-build
Performing post-build steps
arm-none-eabi-size "MultiSensor.axf"; # arm-none-eabi-objcopy -v -O binary "MultiSensor.axf" "MultiSensor.bin" ; # checksum -p LPC824 -d "MultiSensor.bin";
   text	   data	    bss	    dec	    hex	filename
  20956	     32	   1648	  22636	   586c	MultiSensor.axf
 
20:09:44 **** Incremental Build of configuration Debug for project MultiSensor ****
make -r all 
make: Nothing to be done for `all'.
20:10:07 **** Incremental Build of configuration Debug for project lpc_chip_82x ****
make -r all 
make: Nothing to be done for `all'.
20:10:08 **** Incremental Build of configuration Debug for project MultiSensor_bsp ****
make -r all 
Building file: ../src/high_level_drivers/pressure_bmp280.c
Invoking: MCU C Compiler
arm-none-eabi-gcc -D__REDLIB__ -DDEBUG -D__CODE_RED -DCORE_M0PLUS -D__USE_LPCOPEN -D__LPC82X__ -I"G:\GitHub\AE_VVD_MULTI\2_Firmware\1_MultiSensor\MultiSensor_bsp\inc" -I"G:\GitHub\AE_VVD_MULTI\2_Firmware\1_MultiSensor\lpc_chip_82x\inc" -O0 -fno-common -g3 -Wall -c -fmessage-length=0 -fno-builtin -ffunction-sections -fdata-sections -mcpu=cortex-m0 -mthumb -specs=redlib.specs -MMD -MP -MF"src/high_level_drivers/pressure_bmp280.d" -MT"src/high_level_drivers/pressure_bmp280.o" -MT"src/high_level_drivers/pressure_bmp280.d" -o "src/high_level_drivers/pressure_bmp280.o" "../src/high_level_drivers/pressure_bmp280.c"
Finished building: ../src/high_level_drivers/pressure_bmp280.c
 
Building target: libMultiSensor_bsp.a
Invoking: MCU Archiver
arm-none-eabi-ar -r  "libMultiSensor_bsp.a"  ./src/low_level_drivers/adc.o ./src/low_level_drivers/boardconfig.o ./src/low_level_drivers/gpio.o ./src/low_level_drivers/i2c.o ./src/low_level_drivers/lowleveldrivers.o ./src/low_level_drivers/mrt.o ./src/low_level_drivers/pinmux.o ./src/low_level_drivers/pwm.o ./src/low_level_drivers/systick.o ./src/low_level_drivers/usart.o  ./src/library/utilities.o  ./src/high_level_drivers/BMP280_driver/bmp280.o  ./src/high_level_drivers/address.o ./src/high_level_drivers/buzzer.o ./src/high_level_drivers/gas_mq2.o ./src/high_level_drivers/highleveldrivers.o ./src/high_level_drivers/humidity_dht22.o ./src/high_level_drivers/lum_tsl2561.o ./src/high_level_drivers/microphone.o ./src/high_level_drivers/pir_hcsr501.o ./src/high_level_drivers/pressure_bmp280.o ./src/high_level_drivers/rgbled.o ./src/high_level_drivers/temp_ds18b20.o   
c:\nxp\LPCXpresso_8.1.4_606\lpcxpresso\tools\bin\arm-none-eabi-ar.exe: creating libMultiSensor_bsp.a
Finished building target: libMultiSensor_bsp.a
 
make --no-print-directory post-build
Performing post-build steps
arm-none-eabi-size "libMultiSensor_bsp.a" ; # arm-none-eabi-objdump -h -S "libMultiSensor_bsp.a" >"libMultiSensor_bsp.lss"
   text	   data	    bss	    dec	    hex	filename
   1428	      0	    169	   1597	    63d	adc.o (ex libMultiSensor_bsp.a)
    120	      0	      0	    120	     78	boardconfig.o (ex libMultiSensor_bsp.a)
   2616	     32	     29	   2677	    a75	gpio.o (ex libMultiSensor_bsp.a)
    720	      0	      0	    720	    2d0	i2c.o (ex libMultiSensor_bsp.a)
   1110	      0	    332	   1442	    5a2	lowleveldrivers.o (ex libMultiSensor_bsp.a)
   1252	      0	     32	   1284	    504	mrt.o (ex libMultiSensor_bsp.a)
    364	      0	      0	    364	    16c	pinmux.o (ex libMultiSensor_bsp.a)
    676	      0	      0	    676	    2a4	pwm.o (ex libMultiSensor_bsp.a)
    472	      0	      8	    480	    1e0	systick.o (ex libMultiSensor_bsp.a)
   1964	      0	    464	   2428	    97c	usart.o (ex libMultiSensor_bsp.a)
     64	      0	      0	     64	     40	utilities.o (ex libMultiSensor_bsp.a)
   6460	      0	      4	   6464	   1940	bmp280.o (ex libMultiSensor_bsp.a)
    272	      0	      0	    272	    110	address.o (ex libMultiSensor_bsp.a)
      0	      0	      0	      0	      0	buzzer.o (ex libMultiSensor_bsp.a)
      0	      0	      0	      0	      0	gas_mq2.o (ex libMultiSensor_bsp.a)
    672	      0	    325	    997	    3e5	highleveldrivers.o (ex libMultiSensor_bsp.a)
   1520	      0	      0	   1520	    5f0	humidity_dht22.o (ex libMultiSensor_bsp.a)
      0	      0	      0	      0	      0	lum_tsl2561.o (ex libMultiSensor_bsp.a)
      0	      0	      0	      0	      0	microphone.o (ex libMultiSensor_bsp.a)
      0	      0	      0	      0	      0	pir_hcsr501.o (ex libMultiSensor_bsp.a)
    940	      0	      4	    944	    3b0	pressure_bmp280.o (ex libMultiSensor_bsp.a)
   1472	      0	      0	   1472	    5c0	rgbled.o (ex libMultiSensor_bsp.a)
      0	      0	      0	      0	      0	temp_ds18b20.o (ex libMultiSensor_bsp.a)
 
20:10:09 **** Incremental Build of configuration Debug for project MultiSensor ****
make -r all 
Building target: MultiSensor.axf
Invoking: MCU Linker
arm-none-eabi-gcc -nostdlib -L"G:\GitHub\AE_VVD_MULTI\2_Firmware\1_MultiSensor\MultiSensor_bsp\Debug" -L"G:\GitHub\AE_VVD_MULTI\2_Firmware\1_MultiSensor\lpc_chip_82x\Debug" -Xlinker -Map="MultiSensor.map" -Xlinker --gc-sections -Xlinker -print-memory-usage -mcpu=cortex-m0 -mthumb -T "MultiSensor_Debug.ld" -o "MultiSensor.axf"  ./src/MultiSensor.o ./src/aeabi_romdiv_patch.o ./src/cr_startup_lpc82x.o ./src/crp.o ./src/mtb.o ./src/sysinit.o   -lMultiSensor_bsp -llpc_chip_82x
Memory region         Used Size  Region Size  %age Used
        MFlash32:       20992 B        32 KB     64.06%
         RamLoc8:        1680 B         8 KB     20.51%
Finished building target: MultiSensor.axf
 
make --no-print-directory post-build
Performing post-build steps
arm-none-eabi-size "MultiSensor.axf"; # arm-none-eabi-objcopy -v -O binary "MultiSensor.axf" "MultiSensor.bin" ; # checksum -p LPC824 -d "MultiSensor.bin";
   text	   data	    bss	    dec	    hex	filename
  20960	     32	   1648	  22640	   5870	MultiSensor.axf
 
20:10:11 **** Incremental Build of configuration Debug for project MultiSensor ****
make -r all 
make: Nothing to be done for `all'.
